[duruthemes.com/demo/html/artefact/multipage-dark-image/index.html]
[backblue.gif]
[fade.gif]
[index.html]
[duruthemes.com/demo/html/artefact/multipage-dark-image/img/favicon.png]
[duruthemes.com/demo/html/artefact/multipage-dark-image/css/plugins.css]
[duruthemes.com/demo/html/artefact/multipage-dark-image/css/style.css]
[duruthemes.com/demo/html/artefact/multipage-dark-image/img/logo-light.png]
[duruthemes.com/demo/html/artefact/multipage-dark-image/about.html]
[duruthemes.com/demo/html/artefact/multipage-dark-image/services.html]
[duruthemes.com/demo/html/artefact/multipage-dark-image/portfolio.html]
[duruthemes.com/demo/html/artefact/multipage-dark-image/pricing.html]
[duruthemes.com/demo/html/artefact/multipage-dark-image/team.html]
[duruthemes.com/demo/html/artefact/multipage-dark-image/faqs.html]
[duruthemes.com/demo/html/artefact/multipage-dark-image/aftercare.html]
[duruthemes.com/demo/html/artefact/multipage-dark-image/team-details.html]
[duruthemes.com/demo/html/artefact/multipage-dark-image/services-page.html]
[duruthemes.com/demo/html/artefact/multipage-dark-image/post.html]
[duruthemes.com/demo/html/artefact/multipage-dark-image/404.html]
[duruthemes.com/demo/html/artefact/multipage-dark-image/coming-soon.html]
[duruthemes.com/demo/html/artefact/multipage-dark-image/blog.html]
[duruthemes.com/demo/html/artefact/multipage-dark-image/contact.html]
[duruthemes.com/demo/html/artefact/multipage-dark-image/img/slider/1.jpg]
[duruthemes.com/demo/html/artefact/multipage-dark-image/img/about.jpg]
[duruthemes.com/demo/html/artefact/multipage-dark-image/img/call.png]
[duruthemes.com/demo/html/artefact/multipage-dark-image/img/team/7.jpg]
[duruthemes.com/demo/html/artefact/multipage-dark-image/img/team/8.jpg]
[duruthemes.com/demo/html/artefact/multipage-dark-image/img/team/9.jpg]
[duruthemes.com/demo/html/artefact/multipage-dark-image/img/services/1.jpg]
[duruthemes.com/demo/html/artefact/multipage-dark-image/img/services/4.jpg]
[duruthemes.com/demo/html/artefact/multipage-dark-image/img/services/3.jpg]
[duruthemes.com/demo/html/artefact/multipage-dark-image/img/price.jpg]
[duruthemes.com/demo/html/artefact/multipage-dark-image/img/news/1.jpg]
[duruthemes.com/demo/html/artefact/multipage-dark-image/img/news/2.jpg]
[duruthemes.com/demo/html/artefact/multipage-dark-image/img/news/3.jpg]
[duruthemes.com/demo/html/artefact/multipage-dark-image/img/news/4.jpg]
[duruthemes.com/demo/html/artefact/multipage-dark-image/img/quot.png]
[duruthemes.com/demo/html/artefact/multipage-dark-image/img/team/1.jpg]
[duruthemes.com/demo/html/artefact/multipage-dark-image/img/team/2.jpg]
[duruthemes.com/demo/html/artefact/multipage-dark-image/img/clients/1.png]
[duruthemes.com/demo/html/artefact/multipage-dark-image/img/clients/2.png]
[duruthemes.com/demo/html/artefact/multipage-dark-image/img/clients/3.png]
[duruthemes.com/demo/html/artefact/multipage-dark-image/img/clients/4.png]
[duruthemes.com/demo/html/artefact/multipage-dark-image/img/clients/5.png]
[duruthemes.com/demo/html/artefact/multipage-dark-image/img/clients/6.png]
[duruthemes.com/demo/html/artefact/multipage-dark-image/js/jquery-3.6.3.min.js]
[duruthemes.com/demo/html/artefact/multipage-dark-image/js/jquery-migrate-3.0.0.min.js]
[duruthemes.com/demo/html/artefact/multipage-dark-image/js/modernizr-2.6.2.min.js]
[duruthemes.com/demo/html/artefact/multipage-dark-image/js/popper.min.js]
[duruthemes.com/demo/html/artefact/multipage-dark-image/js/bootstrap.min.js]
[duruthemes.com/demo/html/artefact/multipage-dark-image/js/scrollIt.min.js]
[duruthemes.com/demo/html/artefact/multipage-dark-image/js/jquery.waypoints.min.js]
[duruthemes.com/demo/html/artefact/multipage-dark-image/js/owl.carousel.min.js]
[duruthemes.com/demo/html/artefact/multipage-dark-image/js/jquery.stellar.min.js]
[duruthemes.com/demo/html/artefact/multipage-dark-image/js/jquery.magnific-popup.js]
[duruthemes.com/demo/html/artefact/multipage-dark-image/js/YouTubePopUp.js]
[duruthemes.com/demo/html/artefact/multipage-dark-image/js/select2.js]
[duruthemes.com/demo/html/artefact/multipage-dark-image/js/datepicker.js]
[duruthemes.com/demo/html/artefact/multipage-dark-image/js/custom.js]
[duruthemes.com/demo/html/artefact/multipage-dark-image/index.html]
[duruthemes.com/demo/html/artefact/multipage-dark-image/css/plugins/bootstrap.min.css]
[duruthemes.com/demo/html/artefact/multipage-dark-image/css/plugins/owl.carousel.min.css]
[duruthemes.com/demo/html/artefact/multipage-dark-image/css/plugins/owl.theme.default.min.css]
[duruthemes.com/demo/html/artefact/multipage-dark-image/css/plugins/animate.min.css]
[duruthemes.com/demo/html/artefact/multipage-dark-image/css/plugins/themify-icons.css]
[duruthemes.com/demo/html/artefact/multipage-dark-image/css/plugins/et-lineicons.css]
[duruthemes.com/demo/html/artefact/multipage-dark-image/css/plugins/magnific-popup.css]
[duruthemes.com/demo/html/artefact/multipage-dark-image/css/plugins/YouTubePopUp.css]
[duruthemes.com/demo/html/artefact/multipage-dark-image/css/plugins/select2.css]
[duruthemes.com/demo/html/artefact/multipage-dark-image/css/plugins/datepicker.css]
[duruthemes.com/demo/html/artefact/multipage-dark-image/css/plugins.css]
[duruthemes.com/demo/html/artefact/multipage-dark-image/img/ink2.png]
[duruthemes.com/demo/html/artefact/multipage-dark-image/css/style.css]
[duruthemes.com/demo/html/artefact/multipage-dark-image/img/slider/3.jpg]
[duruthemes.com/demo/html/artefact/multipage-dark-image/about.html]
[duruthemes.com/demo/html/artefact/multipage-dark-image/img/slider/4.jpg]
[duruthemes.com/demo/html/artefact/multipage-dark-image/img/services/2.jpg]
[duruthemes.com/demo/html/artefact/multipage-dark-image/services.html]
[duruthemes.com/demo/html/artefact/multipage-dark-image/img/slider/6.jpg]
[duruthemes.com/demo/html/artefact/multipage-dark-image/img/gallery/4.jpg]
[duruthemes.com/demo/html/artefact/multipage-dark-image/img/gallery/10.jpg]
[duruthemes.com/demo/html/artefact/multipage-dark-image/img/gallery/1.jpg]
[duruthemes.com/demo/html/artefact/multipage-dark-image/img/gallery/2.jpg]
[duruthemes.com/demo/html/artefact/multipage-dark-image/img/gallery/5.jpg]
[duruthemes.com/demo/html/artefact/multipage-dark-image/img/gallery/12.jpg]
[duruthemes.com/demo/html/artefact/multipage-dark-image/img/gallery/13.jpg]
[duruthemes.com/demo/html/artefact/multipage-dark-image/img/gallery/9.jpg]
[duruthemes.com/demo/html/artefact/multipage-dark-image/img/gallery/11.jpg]
[duruthemes.com/demo/html/artefact/multipage-dark-image/portfolio.html]
[duruthemes.com/demo/html/artefact/multipage-dark-image/img/slider/2.jpg]
[duruthemes.com/demo/html/artefact/multipage-dark-image/pricing.html]
[duruthemes.com/demo/html/artefact/multipage-dark-image/img/slider/8.jpg]
[duruthemes.com/demo/html/artefact/multipage-dark-image/team.html]
[duruthemes.com/demo/html/artefact/multipage-dark-image/faqs.html]
[duruthemes.com/demo/html/artefact/multipage-dark-image/img/slider/7.jpg]
[duruthemes.com/demo/html/artefact/multipage-dark-image/img/aftercare.jpg]
[duruthemes.com/demo/html/artefact/multipage-dark-image/img/aftercare2.jpg]
[duruthemes.com/demo/html/artefact/multipage-dark-image/aftercare.html]
[duruthemes.com/demo/html/artefact/multipage-dark-image/team-details.html]
[duruthemes.com/demo/html/artefact/multipage-dark-image/services-page.html]
[duruthemes.com/demo/html/artefact/multipage-dark-image/post.html]
[duruthemes.com/demo/html/artefact/multipage-dark-image/404.html]
[duruthemes.com/demo/html/artefact/multipage-dark-image/coming-soon.html]
[duruthemes.com/demo/html/artefact/multipage-dark-image/js/validator.js]
[duruthemes.com/demo/html/artefact/multipage-dark-image/blog.html]
[duruthemes.com/demo/html/artefact/multipage-dark-image/img/slider/10.jpg]
[duruthemes.com/demo/html/artefact/multipage-dark-image/contact.html]
[duruthemes.com/demo/html/artefact/multipage-dark-image/css/plugins/bootstrap.min.css]
[duruthemes.com/demo/html/artefact/multipage-dark-image/css/plugins/owl.carousel.min.css]
[duruthemes.com/demo/html/artefact/multipage-dark-image/css/plugins/owl.theme.default.min.css]
[duruthemes.com/demo/html/artefact/multipage-dark-image/css/plugins/animate.min.css]
[duruthemes.com/demo/html/artefact/multipage-dark-image/fonts/themify.eot]
[duruthemes.com/demo/html/artefact/multipage-dark-image/fonts/themifyd41d.eot]
[duruthemes.com/demo/html/artefact/multipage-dark-image/fonts/themify.woff]
[duruthemes.com/demo/html/artefact/multipage-dark-image/fonts/themify.ttf]
[duruthemes.com/demo/html/artefact/multipage-dark-image/css/plugins/themify-icons.css]
[duruthemes.com/demo/html/artefact/multipage-dark-image/fonts/themify.svg]
[duruthemes.com/demo/html/artefact/multipage-dark-image/fonts/et-line.eot]
[duruthemes.com/demo/html/artefact/multipage-dark-image/fonts/et-lined41d.eot]
[duruthemes.com/demo/html/artefact/multipage-dark-image/fonts/et-line.woff]
[duruthemes.com/demo/html/artefact/multipage-dark-image/fonts/et-line.ttf]
[duruthemes.com/demo/html/artefact/multipage-dark-image/css/plugins/et-lineicons.css]
[duruthemes.com/demo/html/artefact/multipage-dark-image/css/plugins/magnific-popup.css]
[duruthemes.com/demo/html/artefact/multipage-dark-image/fonts/et-line.svg]
[duruthemes.com/demo/html/artefact/multipage-dark-image/css/plugins/close.png]
[duruthemes.com/demo/html/artefact/multipage-dark-image/css/plugins/YouTubePopUp.css]
[duruthemes.com/demo/html/artefact/multipage-dark-image/css/plugins/select2.css]
[duruthemes.com/demo/html/artefact/multipage-dark-image/css/plugins/datepicker.css]
[duruthemes.com/demo/html/artefact/multipage-dark-image/blog3.html]
[duruthemes.com/demo/html/artefact/multipage-dark-image/css/plugins/owl.video.play.html]
[duruthemes.com/demo/html/artefact/multipage-dark-image/fonts/themify.svg]
[duruthemes.com/demo/html/artefact/multipage-dark-image/fonts/et-line.svg]
